[20-Dec-2025 14:09:13 UTC] Error al guardar la firma del Turno.
[20-Dec-2025 14:11:28 UTC] Error al guardar la firma del Turno.
[20-Dec-2025 14:14:07 UTC] Error al guardar la firma del Turno.
[21-Jan-2026 00:28:26 UTC] Firma recibida: data:image/png;base64,iVBORw0K
[21-Jan-2026 16:16:18 UTC] Firma recibida: data:image/png;base64,iVBORw0K
